// Jest Snapshot v1, https://goo.gl/fbAQLP

exports[`<Button /> should render the default button 1`] = `
.c0 {
  height: 3.2rem;
  width: 26rem;
  font-size: 1.2rem;
  border-radius: 4px;
  font-weight: 700;
  background: #E74C3C;
  color: #FFFFFF;
  border: 1px solid #DADADA;
}

<button
  class="c0"
  type="submit"
>
  Entrar
</button>
`;
